<?xml version="1.0" encoding="UTF-8"?>
<testsuites name="Mocha Tests" time="32.0030" tests="1" failures="0">
  <testsuite name="Root Suite" timestamp="2022-10-08T13:50:10" tests="0" file="cypress/e2e/spec.cy.js" time="0.0000" failures="0">
  </testsuite>
  <testsuite name="Actions" timestamp="2022-10-08T13:50:10" tests="1" time="32.0030" failures="0">
    <testcase name="Actions .type() - type into a DOM element" time="32.0030" classname=".type() - type into a DOM element">
    </testcase>
  </testsuite>
</testsuites>